string literal with 'single' curly-quotes,
a tab: ,
and a horrifying abomination:?
