-3.1337
"-3.1337"
"-3.1337"
1
100000000000
"100000000000"
"100000000000"
1
9007199254740992
"9007199254740992"
"9007199254740992"
1
583617587388727386000464082408088024682606640400048822668446222620882040082848800402204280642048644086028220426884666622400642662280644688248882404088248262204062888462668022648460686608226642468200448206004280660462040480480
"583617587388727386000464082408088024682606640400048822668446222620882040082848800402204280642048644086028220426884666622400642662280644688248882404088248262204062888462668022648460686608226642468200448206004280660462040480480"
"583617587388727386000464082408088024682606640400048822668446222620882040082848800402204280642048644086028220426884666622400642662280644688248882404088248262204062888462668022648460686608226642468200448206004280660462040480480"
1
