11
0
11
22
11
22
0
11
22
33
11
22
33
0
11
22
33
44
0
0
0
0
11
22
33
11
22
33
